Copyright 1986-2021 Xilinx, Inc. All Rights Reserved.
------------------------------------------------------------------------------------
| Tool Version : Vivado v.2021.1 (win64) Build 3247384 Thu Jun 10 19:36:33 MDT 2021
| Date         : Mon Apr 20 16:39:49 2026
| Host         : P2-08 running 64-bit major release  (build 9200)
| Command      : report_control_sets -verbose -file Wrapper_control_sets_placed.rpt
| Design       : Wrapper
| Device       : xc7a100t
------------------------------------------------------------------------------------

Control Set Information

Table of Contents
-----------------
1. Summary
2. Histogram
3. Flip-Flop Distribution
4. Detailed Control Set Information

1. Summary
----------

+----------------------------------------------------------+-------+
|                          Status                          | Count |
+----------------------------------------------------------+-------+
| Total control sets                                       |    70 |
|    Minimum number of control sets                        |    70 |
|    Addition due to synthesis replication                 |     0 |
|    Addition due to physical synthesis replication        |     0 |
| Unused register locations in slices containing registers |    66 |
+----------------------------------------------------------+-------+
* Control sets can be merged at opt_design using control_set_merge or merge_equivalent_drivers
** Run report_qor_suggestions for automated merging and remapping suggestions


2. Histogram
------------

+--------------------+-------+
|       Fanout       | Count |
+--------------------+-------+
| Total control sets |    70 |
| >= 0 to < 4        |     2 |
| >= 4 to < 6        |     1 |
| >= 6 to < 8        |     1 |
| >= 8 to < 10       |     3 |
| >= 10 to < 12      |     1 |
| >= 12 to < 14      |     2 |
| >= 14 to < 16      |     0 |
| >= 16              |    60 |
+--------------------+-------+
* Control sets can be remapped at either synth_design or opt_design


3. Flip-Flop Distribution
-------------------------

+--------------+-----------------------+------------------------+-----------------+--------------+
| Clock Enable | Synchronous Set/Reset | Asynchronous Set/Reset | Total Registers | Total Slices |
+--------------+-----------------------+------------------------+-----------------+--------------+
| No           | No                    | No                     |             157 |           77 |
| No           | No                    | Yes                    |              91 |           38 |
| No           | Yes                   | No                     |               0 |            0 |
| Yes          | No                    | No                     |             118 |           58 |
| Yes          | No                    | Yes                    |            2136 |          838 |
| Yes          | Yes                   | No                     |              32 |           10 |
+--------------+-----------------------+------------------------+-----------------+--------------+


4. Detailed Control Set Information
-----------------------------------

+--------------------+-----------------------------------------------------------+----------------------------------------------------------------------+------------------+----------------+--------------+
|    Clock Signal    |                       Enable Signal                       |                           Set/Reset Signal                           | Slice Load Count | Bel Load Count | Bels / Slice |
+--------------------+-----------------------------------------------------------+----------------------------------------------------------------------+------------------+----------------+--------------+
|  pll/inst/clk_out1 | host_uart/tx_i_1_n_0                                      | RegisterFile/loop1[31].reg32/loop1[31].d_flip_flop/pll_lock_seen_reg |                1 |              1 |         1.00 |
|  clk_100mhz_IBUF   |                                                           | BTNU_IBUF                                                            |                1 |              3 |         3.00 |
|  pll/inst/clk_out1 | CPU/eval_inst/eval5_unit/next_regA[2]_i_1_n_0             |                                                                      |                1 |              5 |         5.00 |
|  pll/inst/clk_out1 | CPU/eval_inst/eval5_unit/cards[4][5]_i_1_n_0              |                                                                      |                2 |              6 |         3.00 |
|  pll/inst/clk_out1 | host_uart/data_hold                                       | RegisterFile/loop1[31].reg32/loop1[31].d_flip_flop/pll_lock_seen_reg |                2 |              8 |         4.00 |
|  pll/inst/clk_out1 | rfid_ascii_parser/checksum_rx[7]_i_1_n_0                  | RegisterFile/loop1[31].reg32/loop1[31].d_flip_flop/pll_lock_seen_reg |                2 |              8 |         4.00 |
|  pll/inst/clk_out1 | rfid_uart_rx/data_out[7]_i_1_n_0                          | RegisterFile/loop1[31].reg32/loop1[31].d_flip_flop/pll_lock_seen_reg |                2 |              8 |         4.00 |
|  pll/inst/clk_out1 | u_vga_timing/vPos                                         | RegisterFile/loop1[31].reg32/loop1[31].d_flip_flop/pll_lock_seen_reg |                4 |             10 |         2.50 |
|  pll/inst/clk_out1 | CPU/eval_inst/eval5_unit/cards[1][5]_i_1_n_0              |                                                                      |                3 |             12 |         4.00 |
|  pll/inst/clk_out1 | CPU/eval_inst/eval5_unit/cards[3][5]_i_1_n_0              |                                                                      |                3 |             12 |         4.00 |
|  pll/inst/clk_out1 | host_uart/clk_count                                       | RegisterFile/loop1[31].reg32/loop1[31].d_flip_flop/pll_lock_seen_reg |                5 |             16 |         3.20 |
|  pll/inst/clk_out1 | CPU/multdiv_module/div_module/result[63]_i_1_n_0          | CPU/DX_ALU_OP_latch/loop1[0].d_flip_flop/ctrl_DIV                    |               10 |             32 |         3.20 |
|  pll/inst/clk_out1 | CPU/MW_RD_latch/loop1[2].d_flip_flop/q_reg_3              | RegisterFile/loop1[31].reg32/loop1[31].d_flip_flop/pll_lock_seen_reg |               17 |             32 |         1.88 |
|  pll/inst/clk_out1 | CPU/MW_RD_latch/loop1[2].d_flip_flop/q_reg_5              | RegisterFile/loop1[31].reg32/loop1[31].d_flip_flop/pll_lock_seen_reg |               26 |             32 |         1.23 |
|  pll/inst/clk_out1 | CPU/MW_RD_latch/loop1[2].d_flip_flop/q_reg_1              | RegisterFile/loop1[31].reg32/loop1[31].d_flip_flop/pll_lock_seen_reg |                9 |             32 |         3.56 |
|  pll/inst/clk_out1 | CPU/MW_RD_latch/loop1[1].d_flip_flop/q_reg_2              | RegisterFile/loop1[31].reg32/loop1[31].d_flip_flop/pll_lock_seen_reg |               29 |             32 |         1.10 |
|  pll/inst/clk_out1 | CPU/MW_RD_latch/loop1[3].d_flip_flop/q_reg_1              | RegisterFile/loop1[31].reg32/loop1[31].d_flip_flop/pll_lock_seen_reg |               11 |             32 |         2.91 |
|  pll/inst/clk_out1 | CPU/MW_RD_latch/loop1[0].d_flip_flop/q_reg_1              | RegisterFile/loop1[31].reg32/loop1[31].d_flip_flop/pll_lock_seen_reg |               12 |             32 |         2.67 |
|  pll/inst/clk_out1 | CPU/MW_RD_latch/loop1[0].d_flip_flop/q_reg_3              | RegisterFile/loop1[31].reg32/loop1[31].d_flip_flop/pll_lock_seen_reg |               12 |             32 |         2.67 |
|  pll/inst/clk_out1 | CPU/DX_ALU_OP_latch/loop1[0].d_flip_flop/ctrl_DIV         |                                                                      |                8 |             32 |         4.00 |
|  pll/inst/clk_out1 | CPU/XM_O_latch/loop1[3].d_flip_flop/q_reg_1[0]            | RegisterFile/loop1[31].reg32/loop1[31].d_flip_flop/pll_lock_seen_reg |               11 |             32 |         2.91 |
|  pll/inst/clk_out1 | CPU/XM_O_latch/loop1[1].d_flip_flop/E[0]                  | RegisterFile/loop1[31].reg32/loop1[31].d_flip_flop/pll_lock_seen_reg |                7 |             32 |         4.57 |
|  pll/inst/clk_out1 | CPU/XM_O_latch/loop1[1].d_flip_flop/q_reg_10[0]           | RegisterFile/loop1[31].reg32/loop1[31].d_flip_flop/pll_lock_seen_reg |               13 |             32 |         2.46 |
|  pll/inst/clk_out1 | CPU/XM_O_latch/loop1[1].d_flip_flop/q_reg_11[0]           | RegisterFile/loop1[31].reg32/loop1[31].d_flip_flop/pll_lock_seen_reg |               12 |             32 |         2.67 |
|  pll/inst/clk_out1 | CPU/XM_O_latch/loop1[1].d_flip_flop/q_reg_4[0]            | RegisterFile/loop1[31].reg32/loop1[31].d_flip_flop/pll_lock_seen_reg |               15 |             32 |         2.13 |
|  pll/inst/clk_out1 | CPU/XM_O_latch/loop1[1].d_flip_flop/q_reg_3[0]            | RegisterFile/loop1[31].reg32/loop1[31].d_flip_flop/pll_lock_seen_reg |               10 |             32 |         3.20 |
|  pll/inst/clk_out1 | CPU/XM_O_latch/loop1[1].d_flip_flop/q_reg_7[0]            | RegisterFile/loop1[31].reg32/loop1[31].d_flip_flop/pll_lock_seen_reg |               12 |             32 |         2.67 |
|  pll/inst/clk_out1 | CPU/XM_O_latch/loop1[1].d_flip_flop/q_reg_6[0]            | RegisterFile/loop1[31].reg32/loop1[31].d_flip_flop/pll_lock_seen_reg |                8 |             32 |         4.00 |
|  pll/inst/clk_out1 | CPU/XM_O_latch/loop1[1].d_flip_flop/q_reg_9[0]            | RegisterFile/loop1[31].reg32/loop1[31].d_flip_flop/pll_lock_seen_reg |               10 |             32 |         3.20 |
|  pll/inst/clk_out1 | CPU/XM_O_latch/loop1[1].d_flip_flop/q_reg_5[0]            | RegisterFile/loop1[31].reg32/loop1[31].d_flip_flop/pll_lock_seen_reg |                6 |             32 |         5.33 |
|  pll/inst/clk_out1 | CPU/XM_O_latch/loop1[1].d_flip_flop/q_reg_8[0]            | RegisterFile/loop1[31].reg32/loop1[31].d_flip_flop/pll_lock_seen_reg |                8 |             32 |         4.00 |
|  pll/inst/clk_out1 | CPU/XM_O_latch/loop1[0].d_flip_flop/q_reg_4[0]            | RegisterFile/loop1[31].reg32/loop1[31].d_flip_flop/pll_lock_seen_reg |               10 |             32 |         3.20 |
|  pll/inst/clk_out1 | CPU/XM_O_latch/loop1[0].d_flip_flop/q_reg_6[0]            | RegisterFile/loop1[31].reg32/loop1[31].d_flip_flop/pll_lock_seen_reg |                9 |             32 |         3.56 |
|  pll/inst/clk_out1 | CPU/XM_O_latch/loop1[0].d_flip_flop/q_reg_5[0]            | RegisterFile/loop1[31].reg32/loop1[31].d_flip_flop/pll_lock_seen_reg |               11 |             32 |         2.91 |
|  pll/inst/clk_out1 | CPU/XM_O_latch/loop1[0].d_flip_flop/q_reg_1[0]            | RegisterFile/loop1[31].reg32/loop1[31].d_flip_flop/pll_lock_seen_reg |                8 |             32 |         4.00 |
|  pll/inst/clk_out1 | RegisterFile/write_reg_decode/q_reg                       | RegisterFile/loop1[31].reg32/loop1[31].d_flip_flop/pll_lock_seen_reg |                9 |             32 |         3.56 |
|  pll/inst/clk_out1 | RegisterFile/write_reg_decode/q_reg_11                    | RegisterFile/loop1[31].reg32/loop1[31].d_flip_flop/pll_lock_seen_reg |                9 |             32 |         3.56 |
|  pll/inst/clk_out1 | RegisterFile/write_reg_decode/q_reg_12                    | RegisterFile/loop1[31].reg32/loop1[31].d_flip_flop/pll_lock_seen_reg |                9 |             32 |         3.56 |
|  pll/inst/clk_out1 | RegisterFile/write_reg_decode/q_reg_15                    | RegisterFile/loop1[31].reg32/loop1[31].d_flip_flop/pll_lock_seen_reg |               13 |             32 |         2.46 |
|  pll/inst/clk_out1 | RegisterFile/write_reg_decode/q_reg_0                     | RegisterFile/loop1[31].reg32/loop1[31].d_flip_flop/pll_lock_seen_reg |               22 |             32 |         1.45 |
|  pll/inst/clk_out1 | RegisterFile/write_reg_decode/q_reg_21                    | RegisterFile/loop1[31].reg32/loop1[31].d_flip_flop/pll_lock_seen_reg |                9 |             32 |         3.56 |
|  pll/inst/clk_out1 | RegisterFile/write_reg_decode/q_reg_6                     | RegisterFile/loop1[31].reg32/loop1[31].d_flip_flop/pll_lock_seen_reg |               15 |             32 |         2.13 |
|  pll/inst/clk_out1 | RegisterFile/write_reg_decode/q_reg_17                    | RegisterFile/loop1[31].reg32/loop1[31].d_flip_flop/pll_lock_seen_reg |               12 |             32 |         2.67 |
|  pll/inst/clk_out1 | RegisterFile/write_reg_decode/q_reg_14                    | RegisterFile/loop1[31].reg32/loop1[31].d_flip_flop/pll_lock_seen_reg |               16 |             32 |         2.00 |
|  pll/inst/clk_out1 | RegisterFile/write_reg_decode/q_reg_3                     | RegisterFile/loop1[31].reg32/loop1[31].d_flip_flop/pll_lock_seen_reg |               12 |             32 |         2.67 |
|  pll/inst/clk_out1 | RegisterFile/write_reg_decode/q_reg_2                     | RegisterFile/loop1[31].reg32/loop1[31].d_flip_flop/pll_lock_seen_reg |               10 |             32 |         3.20 |
|  pll/inst/clk_out1 | RegisterFile/write_reg_decode/q_reg_20                    | RegisterFile/loop1[31].reg32/loop1[31].d_flip_flop/pll_lock_seen_reg |               12 |             32 |         2.67 |
|  pll/inst/clk_out1 | RegisterFile/write_reg_decode/q_reg_8                     | RegisterFile/loop1[31].reg32/loop1[31].d_flip_flop/pll_lock_seen_reg |                9 |             32 |         3.56 |
|  pll/inst/clk_out1 | RegisterFile/write_reg_decode/q_reg_9                     | RegisterFile/loop1[31].reg32/loop1[31].d_flip_flop/pll_lock_seen_reg |               18 |             32 |         1.78 |
|  pll/inst/clk_out1 | RegisterFile/write_reg_decode/q_reg_18                    | RegisterFile/loop1[31].reg32/loop1[31].d_flip_flop/pll_lock_seen_reg |               30 |             32 |         1.07 |
|  pll/inst/clk_out1 | RegisterFile/write_reg_decode/q_reg_5                     | RegisterFile/loop1[31].reg32/loop1[31].d_flip_flop/pll_lock_seen_reg |               18 |             32 |         1.78 |
|  pll/inst/clk_out1 | CPU/MW_RD_latch/loop1[3].d_flip_flop/q_reg_5              | RegisterFile/loop1[31].reg32/loop1[31].d_flip_flop/pll_lock_seen_reg |               12 |             32 |         2.67 |
|  pll/inst/clk_out1 | CPU/MW_RD_latch/loop1[3].d_flip_flop/q_reg_6              | RegisterFile/loop1[31].reg32/loop1[31].d_flip_flop/pll_lock_seen_reg |               12 |             32 |         2.67 |
|  pll/inst/clk_out1 | CPU/MW_RD_latch/loop1[3].d_flip_flop/q_reg_8              | RegisterFile/loop1[31].reg32/loop1[31].d_flip_flop/pll_lock_seen_reg |               13 |             32 |         2.46 |
|  pll/inst/clk_out1 | CPU/MW_RD_latch/loop1[3].d_flip_flop/q_reg_4              | RegisterFile/loop1[31].reg32/loop1[31].d_flip_flop/pll_lock_seen_reg |               16 |             32 |         2.00 |
|  pll/inst/clk_out1 | CPU/MW_RD_latch/loop1[3].d_flip_flop/q_reg_2              | RegisterFile/loop1[31].reg32/loop1[31].d_flip_flop/pll_lock_seen_reg |               21 |             32 |         1.52 |
|  pll/inst/clk_out1 | CPU/MW_RD_latch/loop1[3].d_flip_flop/q_reg_7              | RegisterFile/loop1[31].reg32/loop1[31].d_flip_flop/pll_lock_seen_reg |               15 |             32 |         2.13 |
|  pll/inst/clk_out1 | CPU/MW_RD_latch/loop1[3].d_flip_flop/q_reg_3              | RegisterFile/loop1[31].reg32/loop1[31].d_flip_flop/pll_lock_seen_reg |               19 |             32 |         1.68 |
|  pll/inst/clk_out1 | CPU/MW_RD_latch/loop1[1].d_flip_flop/q_reg_4              | RegisterFile/loop1[31].reg32/loop1[31].d_flip_flop/pll_lock_seen_reg |                9 |             32 |         3.56 |
|  pll/inst/clk_out1 | rfid_ascii_parser/tag_valid_pulse0_out                    | RegisterFile/loop1[31].reg32/loop1[31].d_flip_flop/pll_lock_seen_reg |                7 |             40 |         5.71 |
| ~pll/inst/clk_out1 |                                                           |                                                                      |               19 |             47 |         2.47 |
|  pll/inst/clk_out1 | rfid_ascii_parser/rfid_tag_valid_pulse                    | RegisterFile/loop1[31].reg32/loop1[31].d_flip_flop/pll_lock_seen_reg |               10 |             49 |         4.90 |
|  pll/inst/clk_out1 | CPU/eval_inst/eval5_unit/base_rank_count_flat[38]_i_1_n_0 | RegisterFile/loop1[31].reg32/loop1[31].d_flip_flop/pll_lock_seen_reg |               10 |             51 |         5.10 |
|  pll/inst/clk_out1 | CPU/eval_inst/eval5_unit/base_rank_count[0][2]_i_1_n_0    | RegisterFile/loop1[31].reg32/loop1[31].d_flip_flop/pll_lock_seen_reg |               10 |             51 |         5.10 |
|  pll/inst/clk_out1 | CPU/eval_inst/eval5_unit/rank_count_next[0][2]_i_1_n_0    |                                                                      |               41 |             51 |         1.24 |
|  pll/inst/clk_out1 | rfid_uart_rx/E[0]                                         | RegisterFile/loop1[31].reg32/loop1[31].d_flip_flop/pll_lock_seen_reg |               10 |             52 |         5.20 |
|  clock0            | CPU/multdiv_module/mult_module/current_op_reg             | RegisterFile/loop1[31].reg32/loop1[31].d_flip_flop/pll_lock_seen_reg |               22 |             61 |         2.77 |
|  pll/inst/clk_out1 |                                                           | RegisterFile/loop1[31].reg32/loop1[31].d_flip_flop/pll_lock_seen_reg |               37 |             88 |         2.38 |
|  pll/inst/clk_out1 |                                                           |                                                                      |               58 |            110 |         1.90 |
|  clock0            | CPU/multdiv_module/mult_module/we0                        | RegisterFile/loop1[31].reg32/loop1[31].d_flip_flop/pll_lock_seen_reg |              147 |            309 |         2.10 |
+--------------------+-----------------------------------------------------------+----------------------------------------------------------------------+------------------+----------------+--------------+


