Copyright 1986-2021 Xilinx, Inc. All Rights Reserved.
-----------------------------------------------------------------------------------------------------------------------------------------------------------
| Tool Version : Vivado v.2021.1 (win64) Build 3247384 Thu Jun 10 19:36:33 MDT 2021
| Date         : Mon Apr 20 16:40:57 2026
| Host         : P2-08 running 64-bit major release  (build 9200)
| Command      : report_methodology -file Wrapper_methodology_drc_routed.rpt -pb Wrapper_methodology_drc_routed.pb -rpx Wrapper_methodology_drc_routed.rpx
| Design       : Wrapper
| Device       : xc7a100tcsg324-1
| Speed File   : -1
| Design State : Fully Routed
-----------------------------------------------------------------------------------------------------------------------------------------------------------

Report Methodology

Table of Contents
-----------------
1. REPORT SUMMARY
2. REPORT DETAILS

1. REPORT SUMMARY
-----------------
            Netlist: netlist
          Floorplan: design_1
      Design limits: <entire design considered>
             Max violations: <unlimited>
             Violations found: 9
+-----------+------------------+------------------------------------------------------------------+------------+
| Rule      | Severity         | Description                                                      | Violations |
+-----------+------------------+------------------------------------------------------------------+------------+
| TIMING-4  | Critical Warning | Invalid primary clock redefinition on a clock tree               | 1          |
| TIMING-6  | Critical Warning | No common primary clock between related clocks                   | 1          |
| TIMING-7  | Critical Warning | No common node between related clocks                            | 1          |
| TIMING-14 | Critical Warning | LUT on the clock tree                                            | 1          |
| TIMING-27 | Critical Warning | Invalid primary clock on hierarchical pin                        | 1          |
| TIMING-51 | Critical Warning | No common phase between related clocks from parallel CMBs        | 1          |
| CKLD-2    | Warning          | Clock Net has IO Driver, not a Clock Buf, and/or non-Clock loads | 1          |
| LUTAR-1   | Warning          | LUT drives async reset alert                                     | 1          |
| TIMING-18 | Warning          | Missing input or output delay                                    | 1          |
+-----------+------------------+------------------------------------------------------------------+------------+

2. REPORT DETAILS
-----------------
TIMING-4#1 Critical Warning
Invalid primary clock redefinition on a clock tree  
Invalid clock redefinition on a clock tree. The primary clock pll/inst/clk_in1 is defined downstream of clock sys_clk_pin and overrides its insertion delay and/or waveform definition
Related violations: <none>

TIMING-6#1 Critical Warning
No common primary clock between related clocks  
The clocks sys_clk_pin and clk_out1_clk_wiz_0 are related (timed together) but they have no common primary clock. The design could fail in hardware. To find a timing path between these clocks, run the following command: report_timing -from [get_clocks sys_clk_pin] -to [get_clocks clk_out1_clk_wiz_0]
Related violations: <none>

TIMING-7#1 Critical Warning
No common node between related clocks  
The clocks sys_clk_pin and clk_out1_clk_wiz_0 are related (timed together) but they have no common node. The design could fail in hardware. To find a timing path between these clocks, run the following command: report_timing -from [get_clocks sys_clk_pin] -to [get_clocks clk_out1_clk_wiz_0]
Related violations: <none>

TIMING-14#1 Critical Warning
LUT on the clock tree  
The LUT q_reg_i_10__0 has been found on the clock tree. Run opt_design to optimize the clock trees, then re-run report_methodology. If LUT(s) are still present in the clock trees, modify the RTL or the synthesis options accordingly to move the clock gating logic to dedicated clock enable resources. Keep in mind that post-opt_design database cannot be used for pin-planning tasks
Related violations: <none>

TIMING-27#1 Critical Warning
Invalid primary clock on hierarchical pin  
A primary clock pll/inst/clk_in1 is created on an inappropriate internal pin pll/inst/clk_in1. It is not recommended to create a primary clock on a hierarchical pin when its driver pin has a fanout connected to multiple clock pins
Related violations: <none>

TIMING-51#1 Critical Warning
No common phase between related clocks from parallel CMBs  
The clocks sys_clk_pin and clk_out1_clk_wiz_0 are timed together but have no phase relationship. The design could fail in hardware. The clocks originate from two parallel Clock Modifying Blocks and at least one of the MMCM or PLLs clock dividers is not set to 1. To be safely timed, all MMCMs or PLLs involved in parallel clocking must have the clock divider set to 1.
Related violations: <none>

CKLD-2#1 Warning
Clock Net has IO Driver, not a Clock Buf, and/or non-Clock loads  
Clock net clk_100mhz_IBUF is directly driven by an IO rather than a Clock Buffer or may be an IO driving a mix of Clock Buffer and non-Clock loads. This connectivity should be reviewed and corrected as appropriate. Driver(s): clk_100mhz_IBUF_inst/O, locked_meta_reg/C, locked_sync_reg/C, pll/clk_in1
pll_lock_seen_reg/C
Related violations: <none>

LUTAR-1#1 Warning
LUT drives async reset alert  
LUT cell RegisterFile/loop1[31].reg32/loop1[31].d_flip_flop/hPos[9]_i_2, with 2 or more inputs, drives asynchronous preset/clear pin(s) vga_display_valid_reg[0]/CLR, vga_display_valid_reg[10]/CLR,
vga_display_valid_reg[11]/CLR, vga_display_valid_reg[12]/CLR,
vga_display_valid_reg[13]/CLR, vga_display_valid_reg[14]/CLR,
vga_display_valid_reg[1]/CLR, vga_display_valid_reg[2]/CLR,
vga_display_valid_reg[3]/CLR, vga_display_valid_reg[4]/CLR,
vga_display_valid_reg[5]/CLR, vga_display_valid_reg[6]/CLR,
vga_display_valid_reg[7]/CLR, vga_display_valid_reg[8]/CLR,
vga_display_valid_reg[9]/CLR (the first 15 of 2224 listed). The LUT may glitch and trigger an unexpected reset, even if it is a properly timed path.
Related violations: <none>

TIMING-18#1 Warning
Missing input or output delay  
An input delay is missing on BTNU relative to clock(s) sys_clk_pin
Related violations: <none>


